// Jest Snapshot v1, https://goo.gl/fbAQLP

exports[`Header renders correctly 1`] = `
<DocumentFragment>
  <h1
    class="sc-f9cd8f8e-0 dcLxvF"
  >
    Hello World
  </h1>
</DocumentFragment>
`;
