// Jest Snapshot v1, https://goo.gl/fbAQLP

exports[`NameTag matches the snapshot for a specific user role 1`] = `
<DocumentFragment>
  <h1
    class="sc-f9cd8f8e-0 dcLxvF"
  >
    Yellow
  </h1>
</DocumentFragment>
`;
