// Jest Snapshot v1, https://goo.gl/fbAQLP

exports[`Button renders correctly 1`] = `
<DocumentFragment>
  <button
    class="sc-5e2d1029-0 NWVxU"
  >
    Click me
  </button>
</DocumentFragment>
`;
