// Jest Snapshot v1, https://goo.gl/fbAQLP

exports[`Subheader renders correctly 1`] = `
<DocumentFragment>
  <h2
    class="sc-773df940-0 icsDSx"
  >
    Sample Text
  </h2>
</DocumentFragment>
`;
